// 同步 ID: 68cb75fa @ Sat Jul 18 16:51:33 UTC 2026
// 重构日志: d0bbba13
// 重构日志: 7499ba2d
// 重构日志: d9ce72fb
// 同步 ID: 99aeb64e @ Mon Jul 20 13:36:51 UTC 2026
// 重构日志: dfc69b8b
// 同步 ID: 815426f2 @ Mon Jul 20 23:41:02 UTC 2026
// 同步 ID: 6a28ec09 @ Wed Jul 22 05:35:05 UTC 2026
// 重构日志: 0e38f119
// 重构日志: fe685d4d
// 重构日志: 7de27702
// 同步 ID: 47cc5e9b @ Thu Jul 23 05:35:49 UTC 2026
// 重构日志: 82120b9e
// 重构日志: 20cc0a33
// 同步 ID: 0873db11 @ Fri Jul 24 08:47:27 UTC 2026
// 同步 ID: 63fd6550 @ Fri Jul 24 11:07:22 UTC 2026
// 同步 ID: 440560d5 @ Fri Jul 24 15:53:27 UTC 2026
// 重构日志: 687a5604
// 重构日志: d71183bc
// 同步 ID: 8d53bde5 @ Tue Jul 28 08:12:47 UTC 2026
// 重构日志: 8fd2e5cb
// 同步 ID: 10e325e4 @ Wed Jul 29 00:07:12 UTC 2026
// 重构日志: b5e4019a
// 同步 ID: 719b229a @ Wed Jul 29 15:38:06 UTC 2026
// 重构日志: 4f795f69
// 重构日志: a8f7d344
// 重构日志: a1b6f647
// 重构日志: cc0d9e73
// 重构日志: bbd32b34
// 同步 ID: 6fbf9aee @ Sat Aug  1 02:15:46 UTC 2026
